// Vitest Snapshot v1, https://vitest.dev/guide/snapshot.html

exports[`add-comments tool > adding comments to projects > should add comment to project 1`] = `"Added 1 project comment"`;

exports[`add-comments tool > adding comments to tasks > should add comment to task 1`] = `"Added 1 task comment"`;

exports[`add-comments tool > bulk operations > should add multiple comments to different entities (task + project) 1`] = `"Added 1 task comment and 1 project comment"`;

exports[`add-comments tool > bulk operations > should add multiple comments to different tasks 1`] = `"Added 2 task comments"`;

exports[`add-comments tool > bulk operations > should add multiple comments to the same task 1`] = `"Added 2 task comments"`;
