// Vitest Snapshot v1, https://vitest.dev/guide/snapshot.html

exports[`delete-object tool > deleting comments > should delete a comment by ID 1`] = `"Deleted comment: id=comment-456"`;

exports[`delete-object tool > deleting labels > should delete a label by ID 1`] = `"Deleted label: id=label-123"`;

exports[`delete-object tool > deleting sections > should delete a section by ID 1`] = `"Deleted section: id=section-123"`;

exports[`delete-object tool > deleting tasks > should delete a task by ID 1`] = `"Deleted task: id=8485093748"`;
