// Vitest Snapshot v1, https://vitest.dev/guide/snapshot.html

exports[`find-comments tool > empty results > should handle no comments found 1`] = `"No comments found for task task123"`;

exports[`find-comments tool > finding comments by project > should find comments for a project 1`] = `"Found 1 comment for project project456"`;

exports[`find-comments tool > finding comments by task > should find comments for a task 1`] = `"Found 2 comments for task task123"`;

exports[`find-comments tool > finding comments by task > should handle pagination 1`] = `
"Found 1 comment for task task123 • More available
Possible suggested next step:
- Pass cursor 'next_page_token' to fetch more results."
`;

exports[`find-comments tool > finding single comment > should find comment by ID 1`] = `"Found comment • id=comment789"`;

exports[`find-comments tool > finding single comment > should handle comment with attachment 1`] = `"Found comment • Has attachment: document.pdf • id=comment789"`;
