// Vitest Snapshot v1, https://vitest.dev/guide/snapshot.html

exports[`update-comments tool > bulk operations > should update multiple comments from different entities (task + project) 1`] = `"Updated 1 task comment and 1 project comment"`;

exports[`update-comments tool > bulk operations > should update multiple comments from different tasks 1`] = `"Updated 2 task comments"`;

exports[`update-comments tool > bulk operations > should update multiple comments from the same project 1`] = `"Updated 2 project comments"`;

exports[`update-comments tool > bulk operations > should update multiple comments from the same task 1`] = `"Updated 2 task comments"`;

exports[`update-comments tool > should handle project comment 1`] = `"Updated 1 project comment"`;

exports[`update-comments tool > should update comment content 1`] = `"Updated 1 task comment"`;
